[noobmaster.xyz/webtv/index.html]
[backblue.gif]
[fade.gif]
[index.html]
[noobmaster.xyz/logos/logo_57x57.png]
[noobmaster.xyz/logos/logo_60x60.png]
[noobmaster.xyz/logos/logo_72x72.png]
[noobmaster.xyz/logos/logo_76x76.png]
[noobmaster.xyz/logos/logo_114x114.png]
[noobmaster.xyz/logos/logo_120x120.png]
[noobmaster.xyz/logos/logo_144x144.png]
[noobmaster.xyz/logos/logo_152x152.png]
[noobmaster.xyz/logos/logo_180x180.png]
[noobmaster.xyz/logos/logo_192x192.png]
[noobmaster.xyz/logos/logo_32x32.png]
[noobmaster.xyz/logos/logo_96x96.png]
[noobmaster.xyz/logos/logo_16x16.png]
[noobmaster.xyz/webtv/style.css]
[noobmaster.xyz/webtv/index-2.html]
[noobmaster.xyz/webtv/assets/webtvlogo.png]
[noobmaster.xyz/webtv/play681a.html]
[noobmaster.xyz/webtv/indexa377.html]
[upload.wikimedia.org/wikipedia/commons/5/5f/Zee_Bangla_logo.png]
[noobmaster.xyz/webtv/index44f6.html]
[noobmaster.xyz/webtv/indexec57.html]
[noobmaster.xyz/webtv/index142c.html]
[noobmaster.xyz/webtv/assets/default-logo.png]
[noobmaster.xyz/webtv/index9417.html]
[noobmaster.xyz/webtv/indexd008.html]
[noobmaster.xyz/webtv/play0b30.html]
[noobmaster.xyz/webtv/playd708.html]
[noobmaster.xyz/webtv/index5cc3.html]
[noobmaster.xyz/webtv/index8196.html]
[noobmaster.xyz/webtv/indexaf27.html]
[noobmaster.xyz/webtv/indexadfd.html]
[upload.wikimedia.org/wikipedia/bn/b/b4/জি_২৪_ঘণ্টা_এর_লোগো.png]
[noobmaster.xyz/webtv/playdcfd.html]
[noobmaster.xyz/webtv/playd61c.html]
[noobmaster.xyz/webtv/play3a9f.html]
[noobmaster.xyz/webtv/play8803.html]
[noobmaster.xyz/webtv/playc3c9.html]
[noobmaster.xyz/webtv/play5255.html]
[noobmaster.xyz/webtv/playf41b.html]
[jiotvimages.cdn.jio.com/dare_images/images/200/-/And_Pictures.png]
[noobmaster.xyz/webtv/play0055.html]
[upload.wikimedia.org/wikipedia/commons/d/d0/Zee_TV-2018.png]
[noobmaster.xyz/webtv/play4ef9.html]
[astromedia.com.my/wp-content/uploads/2024/01/Zee-Cinema.png]
[noobmaster.xyz/webtv/play6e03.html]
[www.bizasialive.com/wp-content/uploads/2018/08/zeebollywoodlogoNEW.jpg]
[noobmaster.xyz/webtv/play87f1.html]
[noobmaster.xyz/webtv/play2728.html]
[noobmaster.xyz/webtv/play190a.html]
[noobmaster.xyz/webtv/playe371.html]
[noobmaster.xyz/webtv/playe5cc.html]
[noobmaster.xyz/webtv/play6258.html]
[noobmaster.xyz/webtv/playc5b2.html]
[noobmaster.xyz/webtv/play5aaa.html]
[noobmaster.xyz/webtv/playb27c.html]
[noobmaster.xyz/webtv/play4f62.html]
[upload.wikimedia.org/wikipedia/commons/f/fe/Action_max_logo.png]
[noobmaster.xyz/webtv/play475d.html]
[noobmaster.xyz/webtv/play8431.html]
[noobmaster.xyz/webtv/play8513.html]
[noobmaster.xyz/webtv/play2999.html]
[noobmaster.xyz/webtv/played21.html]
[noobmaster.xyz/webtv/playb7b8.html]
[upload.wikimedia.org/wikipedia/en/6/6b/TNT_Sports_4_logo.png]
[noobmaster.xyz/webtv/play7251.html]
[graphicdesignfall16.wordpress.com/wp-content/uploads/2016/10/usa-network-logo1be5c.jpg]
[noobmaster.xyz/webtv/playc0c1.html]
[noobmaster.xyz/webtv/playca2e.html]
[www.trillertv.com/thumbs/o/picon/100/1292_200x200.png]
[noobmaster.xyz/webtv/play4cf1.html]
[upload.wikimedia.org/wikipedia/en/thumb/a/a2/National_Football_League_logo.svg/640px-National_Football_League_logo.svg.png]
[noobmaster.xyz/webtv/play7134.html]
[upload.wikimedia.org/wikipedia/en/thumb/8/8f/NFL_Network_logo.svg/640px-NFL_Network_logo.svg.png]
[noobmaster.xyz/webtv/play9d6c.html]
[upload.wikimedia.org/wikipedia/commons/thumb/7/77/NBC_Sports_Network_logo.svg/640px-NBC_Sports_Network_logo.svg.png]
[noobmaster.xyz/webtv/playd823.html]
[upload.wikimedia.org/wikipedia/en/thumb/f/f2/Premier_League_Logo.svg/1200px-Premier_League_Logo.svg.png]
[noobmaster.xyz/webtv/play6bfb.html]
[noobmaster.xyz/webtv/play56c2.html]
[www.lyngsat.com/logo/tv/ss/ssc-2-sa.png]
[noobmaster.xyz/webtv/playffa6.html]
[noobmaster.xyz/webtv/playcf23.html]
[www.lyngsat.com/logo/tv/ss/ssc-4-sa.png]
[noobmaster.xyz/webtv/play1d69.html]
[www.lyngsat.com/logo/tv/ss/ssc-5-sa.png]
[noobmaster.xyz/webtv/play0ce1.html]
[noobmaster.xyz/webtv/play2b36.html]
[upload.wikimedia.org/wikipedia/commons/thumb/4/49/DAZN_1.svg/800px-DAZN_1.svg.png]
[noobmaster.xyz/webtv/playf52a.html]
[upload.wikimedia.org/wikipedia/commons/thumb/7/76/DAZN_2.svg/800px-DAZN_2.svg.png]
[noobmaster.xyz/webtv/playad4a.html]
[w7.pngwing.com/pngs/350/883/png-transparent-eurosport-1-eurosport-2-television-channel-1-euro-television-blue-angle.png]
[noobmaster.xyz/webtv/playa2fb.html]
[e7.pngegg.com/pngimages/327/493/png-clipart-eurosport-1-television-channel-logo-eurosport-2-others-miscellaneous-television.png]
[noobmaster.xyz/webtv/play7f5b.html]
[upload.wikimedia.org/wikipedia/commons/thumb/7/7a/NBC_logo_2022_(vertical).svg/800px-NBC_logo_2022_(vertical).svg.png]
[noobmaster.xyz/webtv/play8517.html]
[images.fubo.tv/station_logos/fubo-sports23_c.png]
[noobmaster.xyz/webtv/playd1ca.html]
[images.fubo.tv/station_logos/Fubo_Sports_2_c.png]
[noobmaster.xyz/webtv/play5127.html]
[image.tsports.com/images/mobile_thumbnail/1719127158-LIVE.jpg]
[noobmaster.xyz/webtv/play548e.html]
[noobmaster.xyz/webtv/play8512.html]
[noobmaster.xyz/webtv/play7429.html]
[multireach.in/wp-content/uploads/2020/10/zeeanmolcinema-1.jpg]
[noobmaster.xyz/webtv/playe3b8.html]
[live.multies.net/wp-content/uploads/2022/05/SSC-Extra-2.png]
[noobmaster.xyz/webtv/play23df.html]
[upload.wikimedia.org/wikipedia/commons/thumb/2/28/MGM+_Hits_2023.svg/2560px-MGM+_Hits_2023.svg.png]
[noobmaster.xyz/webtv/playf8d4.html]
[noobmaster.xyz/webtv/play2770.html]
[c3.klipartz.com/pngpicture/151/793/sticker-png-tv-channel-icons-pack-hbo-comedy-color-thumbnail.png]
[noobmaster.xyz/webtv/play3ebc.html]
[w7.pngwing.com/pngs/534/400/png-transparent-logo-hbo-brasil-hbo-family-hbo-2-design-text-logo-family-thumbnail.png]
[noobmaster.xyz/webtv/play76a2.html]
[noobmaster.xyz/webtv/play1b2f.html]
[noobmaster.xyz/webtv/play3c7d.html]
[cdn6.aptoide.com/imgs/f/b/6/fb6e1c4987eae68aa7e5317b75e6e06f_icon.png]
[noobmaster.xyz/webtv/play6c69.html]
[noobmaster.xyz/webtv/play30a8.html]
[mma.prnewswire.com/media/1190969/ONE_Championship_Logoc6eb.jpg]
[noobmaster.xyz/webtv/playe61b.html]
[noobmaster.xyz/webtv/playb8aa.html]
[noobmaster.xyz/webtv/playa7e7.html]
[logowik.com/content/uploads/images/fox-sports3529.jpg]
[noobmaster.xyz/webtv/play4ccd.html]
[noobmaster.xyz/webtv/play8db0.html]
[noobmaster.xyz/webtv/playe4af.html]
[a1.espncdn.com/combiner/idd7a.png]
[noobmaster.xyz/webtv/playb5e5.html]
[noobmaster.xyz/webtv/play83f0.html]
[noobmaster.xyz/webtv/playe2df.html]
[noobmaster.xyz/webtv/play83d8.html]
[noobmaster.xyz/webtv/play1126.html]
[noobmaster.xyz/webtv/playe92b.html]
[noobmaster.xyz/webtv/play4efa.html]
[noobmaster.xyz/webtv/play2780.html]
[noobmaster.xyz/webtv/play0fc1.html]
[images.ctfassets.net/9wbsp34au6cz/3MahTdkrffTFVnuawblwdI/ea27b13f6bd84eaab03f5f298bce672d/RBTV_Logo_single_pix_hor_RGB5cbc.png]
[noobmaster.xyz/webtv/play13ef.html]
[upload.wikimedia.org/wikipedia/commons/thumb/3/3f/NBC_logo.svg/1200px-NBC_logo.svg.png]
[noobmaster.xyz/webtv/playc03b.html]
[upload.wikimedia.org/wikipedia/commons/thumb/9/9c/One_Sports_logo.svg/1200px-One_Sports_logo.svg.png]
[noobmaster.xyz/webtv/play6785.html]
[upload.wikimedia.org/wikipedia/commons/thumb/8/88/Universo_2017.svg/1200px-Universo_2017.svg.png]
[noobmaster.xyz/webtv/playcf3f.html]
[noobmaster.xyz/webtv/play7ec7.html]
[noobmaster.xyz/webtv/play09b2.html]
[noobmaster.xyz/webtv/play5970.html]
[noobmaster.xyz/webtv/playbeda.html]
[noobmaster.xyz/webtv/playadd1.html]
[upload.wikimedia.org/wikipedia/en/8/8c/WWE_Network_logo.jpg]
[noobmaster.xyz/webtv/index.html]
[noobmaster.xyz/webtv/style.css]
[noobmaster.xyz/webtv/indexa377-2.html]
[noobmaster.xyz/webtv/indexec57-2.html]
[noobmaster.xyz/webtv/index142c-2.html]
[noobmaster.xyz/webtv/index44f6-2.html]
[noobmaster.xyz/webtv/index9417-2.html]
[noobmaster.xyz/webtv/indexd008-2.html]
[noobmaster.xyz/webtv/index5cc3-2.html]
[noobmaster.xyz/webtv/index8196-2.html]
[noobmaster.xyz/webtv/indexaf27-2.html]
[noobmaster.xyz/webtv/indexadfd-2.html]
[noobmaster.xyz/webtv/index-2.html]
[noobmaster.xyz/webtv/indexa377.html]
[noobmaster.xyz/webtv/indexec57.html]
[noobmaster.xyz/webtv/index142c.html]
[noobmaster.xyz/webtv/index44f6.html]
[noobmaster.xyz/webtv/index9417.html]
[noobmaster.xyz/webtv/indexd008.html]
[noobmaster.xyz/webtv/index5cc3.html]
[noobmaster.xyz/webtv/index8196.html]
[noobmaster.xyz/webtv/indexaf27.html]
[noobmaster.xyz/webtv/indexadfd.html]
[xenolive.com/logos/logo_57x57.png]
[xenolive.com/logos/logo_60x60.png]
[xenolive.com/logos/logo_72x72.png]
[xenolive.com/logos/logo_76x76.png]
[xenolive.com/logos/logo_114x114.png]
[xenolive.com/logos/logo_120x120.png]
[xenolive.com/logos/logo_144x144.png]
[xenolive.com/logos/logo_152x152.png]
[xenolive.com/logos/logo_180x180.png]
[xenolive.com/logos/logo_192x192.png]
[xenolive.com/logos/logo_32x32.png]
[xenolive.com/logos/logo_96x96.png]
[xenolive.com/logos/logo_16x16.png]
[cdn.jsdelivr.net/npm/shaka-player@4.3.5/dist/shaka-player.ui.min.js]
[cdn.jsdelivr.net/npm/shaka-player@4.3.5/dist/controls.min.css]
[noobmaster.xyz/webtv/shaka.css]
[noobmaster.xyz/webtv/play681a.html]
[noobmaster.xyz/webtv/assets/default-logo.html]
[ssl.p.jwpcdn.com/player/v/8.26.0/jwplayer.js]
[noobmaster.xyz/webtv/JW.css]
[noobmaster.xyz/webtv/play0b30.html]
[cdn.jsdelivr.net/npm/@clappr/player@latest/dist/clappr.min.js]
[cdn.jsdelivr.net/gh/clappr/dash-shaka-playback@latest/dist/dash-shaka-playback.js]
[cdn.jsdelivr.net/npm/clappr-chromecast-plugin@latest/dist/clappr-chromecast-plugin.min.js]
[cdn.jsdelivr.net/npm/level-selector@latest/dist/level-selector.min.js]
[noobmaster.xyz/webtv/playd708.html]
[noobmaster.xyz/webtv/playdcfd.html]
[noobmaster.xyz/webtv/playd61c.html]
[noobmaster.xyz/webtv/play3a9f.html]
[noobmaster.xyz/webtv/play8803.html]
[noobmaster.xyz/webtv/playc3c9.html]
[noobmaster.xyz/webtv/play5255.html]
[noobmaster.xyz/webtv/playf41b.html]
[noobmaster.xyz/webtv/play0055.html]
[noobmaster.xyz/webtv/play4ef9.html]
[noobmaster.xyz/webtv/play6e03.html]
[noobmaster.xyz/webtv/play87f1.html]
[noobmaster.xyz/webtv/play2728.html]
[noobmaster.xyz/webtv/play190a.html]
[noobmaster.xyz/webtv/playe371.html]
[noobmaster.xyz/webtv/playe5cc.html]
[noobmaster.xyz/webtv/play6258.html]
[noobmaster.xyz/webtv/playc5b2.html]
[noobmaster.xyz/webtv/play5aaa.html]
[noobmaster.xyz/webtv/playb27c.html]
[noobmaster.xyz/webtv/play4f62.html]
[noobmaster.xyz/webtv/play475d.html]
[noobmaster.xyz/webtv/play8431.html]
[noobmaster.xyz/webtv/play8513.html]
[media.info/l/o/1/1539.1690027797.html]
[noobmaster.xyz/webtv/play2999.html]
[noobmaster.xyz/webtv/played21.html]
[noobmaster.xyz/webtv/playb7b8.html]
[noobmaster.xyz/webtv/play7251.html]
[noobmaster.xyz/webtv/playc0c1.html]
[noobmaster.xyz/webtv/playca2e.html]
[noobmaster.xyz/webtv/play4cf1.html]
[noobmaster.xyz/webtv/play7134.html]
[noobmaster.xyz/webtv/play9d6c.html]
[noobmaster.xyz/webtv/playd823.html]
[noobmaster.xyz/webtv/play6bfb.html]
[noobmaster.xyz/webtv/play56c2.html]
[noobmaster.xyz/webtv/playffa6.html]
[noobmaster.xyz/webtv/playcf23.html]
[noobmaster.xyz/webtv/play1d69.html]
[noobmaster.xyz/webtv/play0ce1.html]
[noobmaster.xyz/webtv/play2b36.html]
[noobmaster.xyz/webtv/playf52a.html]
[noobmaster.xyz/webtv/playad4a.html]
[noobmaster.xyz/webtv/playa2fb.html]
[noobmaster.xyz/webtv/play7f5b.html]
[noobmaster.xyz/webtv/play8517.html]
[noobmaster.xyz/webtv/playd1ca.html]
[noobmaster.xyz/webtv/play5127.html]
[noobmaster.xyz/webtv/play548e.html]
[noobmaster.xyz/webtv/play8512.html]
[noobmaster.xyz/webtv/play7429.html]
[noobmaster.xyz/webtv/playe3b8.html]
[noobmaster.xyz/webtv/play23df.html]
[noobmaster.xyz/webtv/playf8d4.html]
[noobmaster.xyz/webtv/play2770.html]
[noobmaster.xyz/webtv/play3ebc.html]
[noobmaster.xyz/webtv/play76a2.html]
[noobmaster.xyz/webtv/play1b2f.html]
[noobmaster.xyz/webtv/play3c7d.html]
[noobmaster.xyz/webtv/play6c69.html]
[noobmaster.xyz/webtv/play30a8.html]
[noobmaster.xyz/webtv/playe61b.html]
[noobmaster.xyz/webtv/playb8aa.html]
[noobmaster.xyz/webtv/playa7e7.html]
[noobmaster.xyz/webtv/play4ccd.html]
[noobmaster.xyz/webtv/play8db0.html]
[noobmaster.xyz/webtv/playe4af.html]
[noobmaster.xyz/webtv/playb5e5.html]
[noobmaster.xyz/webtv/play83f0.html]
[noobmaster.xyz/webtv/playe2df.html]
[noobmaster.xyz/webtv/play83d8.html]
[noobmaster.xyz/webtv/play1126.html]
[noobmaster.xyz/webtv/playe92b.html]
[noobmaster.xyz/webtv/play4efa.html]
[noobmaster.xyz/webtv/play2780.html]
[noobmaster.xyz/webtv/play0fc1.html]
[noobmaster.xyz/webtv/play13ef.html]
[noobmaster.xyz/webtv/playc03b.html]
[noobmaster.xyz/webtv/play6785.html]
[noobmaster.xyz/webtv/playcf3f.html]
[noobmaster.xyz/webtv/play7ec7.html]
[noobmaster.xyz/webtv/play09b2.html]
[noobmaster.xyz/webtv/play5970.html]
[noobmaster.xyz/webtv/playbeda.html]
[noobmaster.xyz/webtv/playadd1.html]
[noobmaster.xyz/webtv/indexa377-2.html]
[noobmaster.xyz/webtv/indexec57-2.html]
[noobmaster.xyz/webtv/index142c-2.html]
[noobmaster.xyz/webtv/index44f6-2.html]
[noobmaster.xyz/webtv/index9417-2.html]
[noobmaster.xyz/webtv/indexd008-2.html]
[noobmaster.xyz/webtv/index5cc3-2.html]
[noobmaster.xyz/webtv/index8196-2.html]
[noobmaster.xyz/webtv/indexaf27-2.html]
[noobmaster.xyz/webtv/indexadfd-2.html]
[cdn.jsdelivr.net/npm/shaka-player@4.3.5/dist/controls.min.css]
[noobmaster.xyz/webtv/shaka.html]
[noobmaster.xyz/webtv/JW.html]
[archive.org/download/CinemaxMoviemax/cinemax moviemax.png]
